{
  "redundantPowerManagement": {
    "timestamp": 1604159450,
    "bootNumber": 38,
    "inputVoltage": 10715,
    "inputCurrent": 40,
    "inputPower": 100,
    "peakPower": 475,
    "solarVoltage": 62
  },
  "header": {
    "destinationAddress": {
      "callsign": "APDST4",
      "ssid": 6,
      "extensionBit": 0
    },
    "sourceAddress": {
      "callsign": "RS17S",
      "ssid": 6,
      "extensionBit": 0
    },
    "repeaterAddress": {
      "callsign": "WIDE1",
      "ssid": 1,
      "extensionBit": 0
    },
    "repeater2Address": {
      "callsign": "WIDE2",
      "ssid": 1,
      "extensionBit": 1
    },
    "frameType": "U",
    "sendSequenceNumber": 0,
    "receiveSequenceNumber": 0,
    "uControlType": "UI",
    "pid": 240
  },
  "beginSample": 0,
  "beginMillis": 0
}