[
  {
    "frameType": "FM5",
    "message": "AO73/FUNcube-1 launched six years ago on Nov 21st 2013.  \u003e32000 orbits \u0026 still going strong!",
    "sequenceNumber": 1612285
  },
  {
    "frameType": "FM6",
    "message": "Hi - Season\u0027s greetings to all FUNcubers!",
    "sequenceNumber": 1612285
  },
  {
    "frameType": "FM2",
    "message": "To request  a FITTER message, please email operations@funcube.org.uk",
    "sequenceNumber": 1612286
  },
  {
    "frameType": "FM3",
    "message": "Congrats on reaching orbit to HuskySat-1. We look forward to some cross band link ups",
    "sequenceNumber": 1612286
  },
  {
    "frameType": "FM4",
    "message": "FUNcube-1 is in full sunlight until Apr/May 2020",
    "sequenceNumber": 1612286
  },
  {
    "frameType": "FM5",
    "message": "AO73/FUNcube-1 launched six years ago on Nov 21st 2013.  \u003e32000 orbits \u0026 still going strong!",
    "sequenceNumber": 1612286
  },
  {
    "frameType": "FM6",
    "message": "Hi - Season\u0027s greetings to all FUNcubers!",
    "sequenceNumber": 1612286
  },
  {
    "frameType": "FM7",
    "message": "Welcome from FUNCube1  to all visitors and volunteers at the RSGB National Radio Centre at Bletchley Park.",
    "sequenceNumber": 1612286
  },
  {
    "frameType": "FM6",
    "message": "Hi - Season\u0027s greetings to all FUNcubers!",
    "sequenceNumber": 1612287
  },
  {
    "frameType": "FM7",
    "message": "Welcome from FUNCube1  to all visitors and volunteers at the RSGB National Radio Centre at Bletchley Park.",
    "sequenceNumber": 1612287
  },
  {
    "frameType": "FM2",
    "message": "To request  a FITTER message, please email operations@funcube.org.uk",
    "sequenceNumber": 1612288
  },
  {
    "frameType": "FM3",
    "message": "Congrats on reaching orbit to HuskySat-1. We look forward to some cross band link ups",
    "sequenceNumber": 1612288
  },
  {
    "frameType": "FM4",
    "message": "FUNcube-1 is in full sunlight until Apr/May 2020",
    "sequenceNumber": 1612288
  },
  {
    "frameType": "FM5",
    "message": "AO73/FUNcube-1 launched six years ago on Nov 21st 2013.  \u003e32000 orbits \u0026 still going strong!",
    "sequenceNumber": 1612288
  },
  {
    "frameType": "FM6",
    "message": "Hi - Season\u0027s greetings to all FUNcubers!",
    "sequenceNumber": 1612288
  },
  {
    "frameType": "FM7",
    "message": "Welcome from FUNCube1  to all visitors and volunteers at the RSGB National Radio Centre at Bletchley Park.",
    "sequenceNumber": 1612288
  }
]