{
  "type": "OBC1",
  "callsign": "ON03AT",
  "obc1Beacon": {
    "V_PV1": 4.1875,
    "V_PV2": 4.21875,
    "V_5V_IN": 3.15625,
    "V_3V3_IN": 4.1875,
    "V_5V_OUT": 0.0,
    "V_3V3_OUT": 3.25,
    "I_PV1_5V": 0.0,
    "I_PV2_5V": 0.0,
    "I_PV1_3V3": 0.0625,
    "I_PV2_3V3": -0.0625,
    "Temp_BAT1SW": 127,
    "Temp_5V": -12,
    "V_HV": 1.8125,
    "I_PV1_BAT1": 0.0,
    "I_PV2_BAT1": 0.0,
    "I_PV1_BAT2": 0.0,
    "I_PV2_BAT2": 0.0,
    "V_BAT1": 4.09375,
    "V_BAT2": 4.09375,
    "Vcc_CC2": 4.125,
    "Vcc_CC1": 3.8125,
    "Temp_BAT1": -4,
    "Temp_BAT2": -4,
    "Status1": {
      "is3V31On": true,
      "is3V32on": false,
      "is3V33on": false,
      "is3V3BackupOn": true,
      "is5V1On": false,
      "is5V2On": false,
      "is5V3On": false,
      "is5V4On": false
    },
    "Status2": {
      "PowerLowWarning": false,
      "Bat1ConnectedToPV1": false,
      "Bat2ConnectedToPV2": true,
      "is3V3On": true,
      "is5VOn": false,
      "mode": "FlightMode"
    },
    "Status3": {
      "is3V3BurstModeOn": false,
      "is5VBurstModeOn": false,
      "Bat1ConnectedToPV2": false,
      "Bat2ConnectedToPV1": false,
      "TemperatureWarningFlag": true,
      "CC1ConnectionOkayFlag": true,
      "CC2ConnectionOkayFlag": true,
      "RBF": true
    },
    "Status_CC1": true,
    "Status_CC2": true,
    "Reboot_MC": 145,
    "Reboot_CC1": 236,
    "Reboot_CC2": 94,
    "TempA": 7,
    "TempC": 1,
    "RSSI_A": 0,
    "RSSI_C": 56,
    "STACIE_Mode_A": 7,
    "STACIE_Mode_C": 0,
    "SU_Script_active": false,
    "SU_Powered": false,
    "ADCS_enabled": false,
    "OBC_Mission_State": 1,
    "CmdCnt1": 0,
    "CmdCnt2": 0
  },
  "rawData": [
    83,
    79,
    78,
    48,
    51,
    65,
    84,
    -122,
    -121,
    101,
    -122,
    0,
    104,
    0,
    0,
    1,
    -1,
    127,
    -12,
    58,
    0,
    0,
    0,
    0,
    -125,
    -125,
    -124,
    122,
    -4,
    -4,
    -112,
    50,
    15,
    72,
    72,
    -111,
    -20,
    94,
    7,
    1,
    0,
    56,
    112,
    1,
    0,
    0
  ],
  "beginSample": 719,
  "beginMillis": 0
}