{
  "atlTelemetry3": {
    "timestamp": 1585162387,
    "accu": [
      {
        "valid": 1,
        "w1bus": 0,
        "timestamp": 1585162384,
        "batteryCurrent": -0.011320079351299967,
        "temperatures": [
          15.512349232836367,
          15.913996539974555,
          15.326977074103175,
          16.12574144467461,
          15.76963595810029
        ]
      },
      {
        "valid": 1,
        "w1bus": 0,
        "timestamp": 1585162384,
        "batteryCurrent": -0.026508783952399993,
        "temperatures": [
          13.748493176718135,
          13.27889590000346,
          13.434073166826133,
          13.151371919759148,
          13.543657767120655
        ]
      },
      {
        "valid": 1,
        "w1bus": 0,
        "timestamp": 1585162385,
        "batteryCurrent": -0.02973986734600004,
        "temperatures": [
          13.621974836269406,
          13.357615220481138,
          13.591392006583186,
          12.872289282420521,
          13.554496542113622
        ]
      },
      {
        "valid": 1,
        "w1bus": 0,
        "timestamp": 1585162385,
        "batteryCurrent": -0.03505136262960002,
        "temperatures": [
          11.10377263288989,
          11.617545801259249,
          11.881297964731555,
          11.906287556766959,
          11.35282923175476
        ]
      }
    ]
  },
  "beginSample": 0,
  "beginMillis": 0
}