{
  "bootCounter": 2273,
  "sequenceCounter": 471,
  "housekeeping": {
    "bootCounter": 311,
    "lastRxdCmdRXid": 0,
    "emp": 1,
    "awp": 0,
    "rcp2": 0,
    "rcp1": 1,
    "rbp2": 0,
    "rbp1": 1,
    "mdp2": 0,
    "mdp1": 1,
    "cep": 1,
    "rep2": 1,
    "rep1": 1,
    "mep2": 1,
    "mep1": 1,
    "adp4": 1,
    "adp3": 1,
    "adp2": 1,
    "adp1": 1,
    "lastRxdCmd": "0000000000000000",
    "lastExeCmd": "0000000000000000",
    "zmDeployStatus": {
      "spYp": true,
      "spYm": true,
      "mabXm": true,
      "mabYm": true,
      "mabXp": true,
      "mabYp": true
    },
    "zpDeployStatus": {
      "spYp": true,
      "spYm": true,
      "mabXm": true,
      "mabYm": true,
      "mabXp": true,
      "mabYp": true
    },
    "mode": "SCIENCE",
    "busVSys": 12.201,
    "busVDep": 12.201,
    "obcTemperature": 18.295,
    "gaAsCurrentZpXp": 0.0,
    "gaAsCurrentZmYm": 0.0,
    "gaAsCurrentZpXm": 290.997,
    "gaAsCurrentZmYp": 0.0,
    "fm340I": 32.785000000000004,
    "meboZpI": 1.975,
    "meboZmI": 1.58,
    "comBoI": 0.0,
    "rap1RxI": 24.095000000000002,
    "rap1TxI": 114.155,
    "rap2RxI": 22.12,
    "rap2TxI": 0.0,
    "rap1FwdP": 127.270368,
    "rap2FwdP": 0.0,
    "rap1ReflP": 0.843192,
    "rap2ReflP": 0.0,
    "rap1Rssi": -101.64639999999997,
    "rap2Rssi": 1174.7692,
    "rap1DopplerV": -2231.1684933900833,
    "rap2DopplerV": 26047.0,
    "rap1Temperature": 38.400000000000006,
    "rap2Temperature": -68.1,
    "hkPFrame": {
      "zm": {
        "sunPresence": 0,
        "sampleNumber": 0,
        "receiverStatus": 0,
        "sensorStatus": 0,
        "sensorId": 0,
        "transmissionErrors": 0,
        "supplyVoltage": 0,
        "temperature": 0,
        "adcValueQ1": 0,
        "adcValueQ2": 0,
        "adcValueQ3": 0,
        "adcValueQ4": 0
      },
      "zp": {
        "sunPresence": 0,
        "sampleNumber": 0,
        "receiverStatus": 0,
        "sensorStatus": 0,
        "sensorId": 0,
        "transmissionErrors": 0,
        "supplyVoltage": 0,
        "temperature": 0,
        "adcValueQ1": 0,
        "adcValueQ2": 0,
        "adcValueQ3": 0,
        "adcValueQ4": 0
      },
      "zmTimestamp": 0,
      "zpTimestamp": 0
    },
    "hkMFrame": {
      "zm": {
        "sunPresence": 0,
        "sampleNumber": 0,
        "receiverStatus": 0,
        "sensorStatus": 0,
        "sensorId": 0,
        "transmissionErrors": 0,
        "supplyVoltage": 0,
        "temperature": 0,
        "adcValueQ1": 0,
        "adcValueQ2": 0,
        "adcValueQ3": 0,
        "adcValueQ4": 0
      },
      "zp": {
        "sunPresence": 0,
        "sampleNumber": 0,
        "receiverStatus": 0,
        "sensorStatus": 0,
        "sensorId": 0,
        "transmissionErrors": 0,
        "supplyVoltage": 0,
        "temperature": 0,
        "adcValueQ1": 0,
        "adcValueQ2": 0,
        "adcValueQ3": 0,
        "adcValueQ4": 0
      },
      "zmTimestamp": 0,
      "zpTimestamp": 0
    },
    "rd": {
      "rdXpV": 192,
      "rdXmV": 450,
      "rdXpI": 20,
      "rdXmI": 960,
      "rdYmV": 274,
      "rdYpV": 138,
      "rdYmI": 660,
      "rdYpI": 0
    }
  },
  "header": {
    "destinationAddress": {
      "callsign": "TLM",
      "ssid": 0,
      "extensionBit": 0
    },
    "sourceAddress": {
      "callsign": "DLFIC3",
      "ssid": 0,
      "extensionBit": 1
    },
    "frameType": "U",
    "sendSequenceNumber": 0,
    "receiveSequenceNumber": 0,
    "uControlType": "UI",
    "pid": 240
  },
  "beginSample": 0,
  "beginMillis": 0
}