{
  "frameId": 0,
  "beacon": {
    "destination": "GROUND",
    "size": 26,
    "beaconSource": "OBC",
    "service": "BEACON",
    "messageType": "REPLY",
    "messageOutcome": "OK",
    "tlmSource": "OBC",
    "obcTelemetry": {
      "internalState": 2,
      "softwareImage": 0,
      "bootCounter": 209,
      "resetCause": {
        "softResetWDTTimerexpiration": false,
        "cpuLockUp": false,
        "porPowerSettle": false,
        "porClockSettle": false,
        "voltageAnomaly": false,
        "hardResetWDTWrongPassword": false,
        "hardResetWDTTimerexpiration": false,
        "systemResetOutput": false,
        "sysCTLReboot": false,
        "nmiPin": true,
        "exitLPM45": false,
        "exitLPM35": false,
        "badBandGapReference": true,
        "supplySupervisorVccTrip": true,
        "vccDetectorTrip": true,
        "softResetWDTWrongPassword": false,
        "dcoShortCircuitFault": false
      },
      "uptime": 140096,
      "totalUptime": 1349699,
      "tlmVersion": 2,
      "telemetryV2": {
        "mcuTemperature": 5.8,
        "inaStatus": "ACTIVE",
        "tmpStatus": "ACTIVE",
        "busVoltage": 3.201,
        "busCurrent": 0.01
      }
    }
  },
  "header": {
    "destinationAddress": {
      "callsign": "GROUND",
      "ssid": 0,
      "extensionBit": 0
    },
    "sourceAddress": {
      "callsign": "DLFIPQ",
      "ssid": 0,
      "extensionBit": 1
    },
    "frameType": "U",
    "sendSequenceNumber": 0,
    "receiveSequenceNumber": 0,
    "uControlType": "UI",
    "pid": 240
  },
  "beginSample": 0,
  "beginMillis": 0
}