{
  "frameId": 0,
  "beacon": {
    "destination": "GROUND",
    "size": 115,
    "beaconSource": "OBC",
    "service": "BEACON",
    "messageType": "REPLY",
    "messageOutcome": "OK",
    "tlmSource": "EPS",
    "epsTelemetry": {
      "telemetry": {
        "mcuTemperature": -11.7,
        "status": {
          "batteryINAStatus": "ACTIVE",
          "batteryGGStatus": "ACTIVE",
          "internalINAStatus": "ACTIVE",
          "unregulatedINAStatus": "ACTIVE",
          "bus1INAStatus": "ACTIVE",
          "bus2INAStatus": "ACTIVE",
          "bus3INAStatus": "ACTIVE",
          "bus4INAStatus": "ACTIVE",
          "bus4Error": "ACTIVE",
          "bus3Error": "ACTIVE",
          "bus2Error": "ACTIVE",
          "bus1Error": "ACTIVE",
          "bus4State": "OFF",
          "bus3State": "OFF",
          "bus2State": "OFF",
          "bus1State": "ON",
          "panelYpINAStatus": "ACTIVE",
          "panelYmINAStatus": "ACTIVE",
          "panelXpINAStatus": "ACTIVE",
          "panelXmINAStatus": "ACTIVE",
          "panelYpTMPStatus": "ACTIVE",
          "panelYmTMPStatus": "ACTIVE",
          "panelXpTMPStatus": "ACTIVE",
          "panelXmTMPStatus": "ACTIVE",
          "mpptYpINAStatus": "ACTIVE",
          "mpptYmINAStatus": "ACTIVE",
          "mpptXpINAStatus": "ACTIVE",
          "mpptXmINAStatus": "ACTIVE",
          "cellYpINAStatus": "ACTIVE",
          "cellYmINAStatus": "ACTIVE",
          "cellXpINAStatus": "ACTIVE",
          "cellXmINAStatus": "ACTIVE"
        },
        "internalINACurrent": 0.015,
        "internalINAVoltage": 3.012,
        "unregulatedINACurrent": 0.085,
        "unregulatedINAVoltage": 3.188,
        "batteryGGVoltage": 4.095,
        "batteryINAVoltage": 3.933,
        "batteryINACurrent": -0.084,
        "batteryGGCapacity": 150.0,
        "batteryGGTemperature": 14.5,
        "batteryTMP20Temperature": -4.1,
        "bus4Current": 0.0,
        "bus3Current": 0.0,
        "bus2Current": 0.0,
        "bus1Current": 0.066,
        "bus4Voltage": 0.0,
        "bus3Voltage": 0.0,
        "bus2Voltage": 0.0,
        "bus1Voltage": 3.181,
        "panelYpCurrent": 0.0,
        "panelYmCurrent": 0.0,
        "panelXpCurrent": 0.0,
        "panelXmCurrent": 0.0,
        "panelYpVoltage": 3.197,
        "panelYmVoltage": 3.197,
        "panelXpVoltage": 3.198,
        "panelXmVoltage": 3.197,
        "panelYpTemperature": -25.3,
        "panelYmTemperature": -25.3,
        "panelXpTemperature": -26.0,
        "panelXmTemperature": -21.3,
        "mpptYpCurrent": 0.0,
        "mpptYmCurrent": 0.0,
        "mpptXpCurrent": 0.0,
        "mpptXmCurrent": 0.0,
        "mpptYpVoltage": 0.165,
        "mpptYmVoltage": 0.0,
        "mpptXpVoltage": 0.165,
        "mpptXmVoltage": 0.168,
        "cellYpCurrent": 0.0,
        "cellYmCurrent": 0.0,
        "cellXpCurrent": 0.0,
        "cellXmCurrent": 0.0,
        "cellYpVoltage": 0.007,
        "cellYmVoltage": 0.012,
        "cellXpVoltage": 0.0
      },
      "softwareImage": 0,
      "bootCounter": 125,
      "resetCause": {
        "softResetWDTTimerexpiration": false,
        "cpuLockUp": false,
        "porPowerSettle": false,
        "porClockSettle": false,
        "voltageAnomaly": false,
        "hardResetWDTWrongPassword": false,
        "hardResetWDTTimerexpiration": false,
        "systemResetOutput": false,
        "sysCTLReboot": false,
        "nmiPin": true,
        "exitLPM45": false,
        "exitLPM35": false,
        "badBandGapReference": true,
        "supplySupervisorVccTrip": true,
        "vccDetectorTrip": true,
        "softResetWDTWrongPassword": false,
        "dcoShortCircuitFault": false
      },
      "uptime": 311429,
      "totalUptime": 1599621,
      "tlmVersion": 2
    }
  },
  "header": {
    "destinationAddress": {
      "callsign": "GROUND",
      "ssid": 0,
      "extensionBit": 0
    },
    "sourceAddress": {
      "callsign": "DLFIPQ",
      "ssid": 0,
      "extensionBit": 1
    },
    "frameType": "U",
    "sendSequenceNumber": 0,
    "receiveSequenceNumber": 0,
    "uControlType": "UI",
    "pid": 240
  },
  "beginSample": 0,
  "beginMillis": 0
}