{
  "frame": "I",
  "destinationAddress": {
    "callsign": "ESEO",
    "ssid": 0
  },
  "sourceAddress": {
    "callsign": "IW4DUL",
    "ssid": 0
  },
  "sendSequenceNumber": 74,
  "receiveSequenceNumber": 127,
  "pid": 240,
  "beaconType": 3,
  "type1": {
    "OBD_MODE": "SafeModeS2",
    "OBD_ACTIVE_TASK": 15,
    "equipmentStatus": {
      "powerManagementUnitMain": true,
      "powerManagementUnitRedundant": true,
      "tMTCMain": false,
      "tMTCRedundant": true,
      "sunSensorMain": false,
      "sunSensorRedundant": false,
      "earthSensor": true,
      "momentumWheelMain": true,
      "momentumWheelRedundant": false,
      "micropropulsion": true,
      "magnetometerMain": false,
      "magnetometerRedundant": false,
      "magneticTorquerMain": false,
      "magneticTorquerRedundant": false,
      "tRITEL": false,
      "langmuirProbe": false,
      "pCAM": false,
      "amsatUk": false,
      "sBand": false,
      "gpsReceiver": false,
      "aDE": false,
      "sCAM": false,
      "deOrbitMechanism": false
    },
    "cpuError": {
      "hardFaultVECTTBL": false,
      "hardFaultFORCED": false,
      "memManageIACCVIOL": false,
      "memManageDACCVIOL": false,
      "memManageMSTKERR": false,
      "memManageMUNKSERR": false,
      "memManageMLSPERR": false,
      "busErrorSTKERR": false,
      "busErrorUNSTKERR": false,
      "busErrorIBUSERR": false,
      "busErrorLSPERR": false,
      "busErrorPRECISERR": false,
      "busErrorIMPRECISERR": false,
      "usageFaultNOCP": false,
      "usageFaultUNDEFINSTR": false,
      "usageFaultINVSTATE": false,
      "usageFaultINVCP": false,
      "usageFaultUNALIGNED": false,
      "usageFaultDIVBYZERO": false
    },
    "OBD_CAN_TIMEOUT_ERROR": 0,
    "OBD_WD_RESET_COUNT": 0,
    "OBD_RS422M_ERR_COUNT": 0,
    "OBD_RS422R_ERR_COUNT": 0,
    "OBD_ERROR_COUNT": 0,
    "tcError1": {
      "PMMTcRequestNotAnswered": false,
      "PMRTcRequestNotAnswered": false,
      "TMMTcRequestNotAnswered": false,
      "TMRTcRequestNotAnswered": false,
      "SSMTcRequestNotAnswered": false,
      "SSRTcRequestNotAnswered": false,
      "ESETcRequestNotAnswered": false,
      "MWRTcRequestNotAnswered": false,
      "MWMTcRequestNotAnswered": false,
      "MPSTcRequestNotAnswered": false,
      "MMMTcRequestNotAnswered": false,
      "MMRTcRequestNotAnswered": false,
      "MTMTcRequestNotAnswered": false,
      "MTRTcRequestNotAnswered": false,
      "TRITcRequestNotAnswered": false,
      "LMPTcRequestNotAnswered": false,
      "CAMTcRequestNotAnswered": false,
      "AMSTcRequestNotAnswered": false,
      "STXTcRequestNotAnswered": false,
      "GPSTcRequestNotAnswered": false,
      "SCAMTcRequestNotAnswered": false
    },
    "tcError2": {
      "PMMErrorCounterReached10": false,
      "PMRErrorCounterReached10": false,
      "TMMErrorCounterReached10": false,
      "TMRErrorCounterReached10": false,
      "SSMErrorCounterReached10": false,
      "SSRErrorCounterReached10": false,
      "ESEErrorCounterReached10": false,
      "MWRErrorCounterReached10": false,
      "MWMErrorCounterReached10": false,
      "MPSErrorCounterReached10": false,
      "MMMErrorCounterReached10": false,
      "MMRErrorCounterReached10": false,
      "MTMErrorCounterReached10": false,
      "MTRErrorCounterReached10": false,
      "TRIErrorCounterReached10": false,
      "LMPErrorCounterReached10": false,
      "CAMErrorCounterReached10": false,
      "AMSErrorCounterReached10": false,
      "STXErrorCounterReached10": false,
      "GPSErrorCounterReached10": false,
      "ADEErrorCounterReached10": false,
      "SCAMErrorCounterReached10": false
    },
    "rs422Status": {
      "USARTTMTCMainInitializedCorrectly": false,
      "USARTTMTCMainMarkedAsActive": false,
      "USARTTMTCMainRTSStatus": false,
      "USARTTMTCMainCTSStatus": false,
      "USARTTMTCMainPreviousTransmissionCompleted": true,
      "USARTTMTCMainIdleLineDetected": false,
      "USARTTMTCRedundantInitializedCorrectly": false,
      "USARTTMTCRedundantMarkedAsActive": false,
      "USARTTMTCRedundantRTSStatus": true,
      "USARTTMTCRedundantCTSStatus": true,
      "USARTTMTCRedundantPreviousTransmissionCompleted": true,
      "USARTTMTCRedundantIdleLineDetected": true
    },
    "rs422Error": {
      "usarttmtcMainErrorConfigurationBRR": false,
      "usarttmtcMainErrorConfigurationCR1": false,
      "usarttmtcMainErrorConfigurationCR2": false,
      "usarttmtcMainErrorConfigurationCR3": false,
      "usarttmtcMainErrorInterrupt": false,
      "usarttmtcMainErrorBufferAll": false,
      "usarttmtcMainErrorTimerConfiguration": false,
      "usarttmtcMainErrorTXFull": false,
      "usarttmtcMainErrorRXOverrun": false,
      "usarttmtcMainErrorNoise": false,
      "usarttmtcMainErrorTraming": false,
      "usarttmtcMainErrorParity": false,
      "usarttmtcMainErrorTimeout": false,
      "usarttmtcRedundantErrorConfigurationBRR": false,
      "usarttmtcRedundantErrorConfigurationCR1": false,
      "usarttmtcRedundantErrorConfigurationCR2": false,
      "usarttmtcRedundantErrorConfigurationCR3": false,
      "usarttmtcRedundantErrorInterrupt": false,
      "usarttmtcRedundantErrorBufferAll": false,
      "usarttmtcRedundantErrorTimerConfiguration": false,
      "usarttmtcRedundantErrorTXFull": false,
      "usarttmtcRedundantErrorRXOverrun": false,
      "usarttmtcRedundantErrorNoise": false,
      "usarttmtcRedundantErrorFraming": false,
      "usarttmtcRedundantErrorParity": false,
      "usarttmtcRedundantErrorTimeout": false
    },
    "rs485Status": {
      "USARTMWMInitializedCorrectly": false,
      "USARTMWMMarkedAsActive": false,
      "USARTMWMRTSStatus": false,
      "USARTMWMCTSStatus": false,
      "USARTMWMPreviousTransmissionCompleted": false,
      "USARTMWMIdleLineDetected": false
    },
    "rs485Error": {
      "USARTMWMErrorConfigurationBRR": false,
      "USARTMWMErrorConfigurationCR1": false,
      "USARTMWMErrorConfigurationCR2": false,
      "USARTMWMErrorConfigurationCR3": false,
      "USARTMWMErrorInterrupt": false,
      "USARTMWMErrorBufferAll": false,
      "USARTMWMErrorTimerConfiguration": false,
      "USARTMWMErrorTXFull": false,
      "USARTMWMErrorRXOverrun": false,
      "USARTMWMErrorNoise": false,
      "USARTMWMErrorFraming": false,
      "USARTMWMErrorParity": false,
      "USARTMWMErrorTimeout": false
    },
    "obdStatus": {
      "INITASM": true,
      "INITCOPYSECTION": true,
      "INITCLEARBSS": true,
      "INITCLOCK": true,
      "INITCPU": true,
      "INITFLASHRW": true,
      "INITGPIO": true,
      "INITINTERRUPT": true,
      "INITINTERRUPTTEST": true,
      "INITUSART": true,
      "INITCPUTIMER": true,
      "INITRTC": true,
      "INITWDG": true,
      "INITFAULTHAND": true,
      "INITFLASH": true,
      "INITSPIBUS": true,
      "INITCANCONF": true,
      "INITCANTEST": false,
      "INITADC": true,
      "INITTIMER": true,
      "INITCONSOLE": true,
      "INITPOWONRESET": true,
      "INITWDRESET": true,
      "INITASWIMAGE": true,
      "INITCOMPLETED": false,
      "INITSTANDBYACTIVE": false,
      "INITTAU": false,
      "INITPDUADC": true,
      "INITCANOPEN": false
    },
    "ACS_STATE": "SAFE",
    "ACS_OMEGA_P": -3.7688637E19,
    "ACS_OMEGA_Q": 1.0939219E-30,
    "ACS_OMEGA_R": 3.1286229E10,
    "PM_Current_Bp1": 106,
    "PM_Current_Bp2": 109,
    "PM_Current_Bp3": 98,
    "PM_Current_Bp4": 99,
    "PM_Current_Bp5": 101,
    "PM_Current_Bp6": 95,
    "PM_Voltage_Mb": 24428,
    "PM_SAFE_OPERATING_MODE": 0,
    "pmmError1": {
      "solarPanel1Sensor1TemperatureOutOfRange": false,
      "solarPanel1Sensor2TemperatureOutOfRange": false,
      "solarPanel2Sensor1TemperatureOutOfRange": false,
      "solarPanel2Sensor2TemperatureOutOfRange": false,
      "solarPanel3Sensor1TemperatureOutOfRange": false,
      "solarPanel3Sensor2TemperatureOutOfRange": false,
      "batteryPack1CurrentOutOfRange": false,
      "batteryPack2CurrentOutOfRange": false,
      "batteryPack3CurrentOutOfRange": false,
      "batteryPack4CurrentOutOfRange": false,
      "batteryPack5CurrentOutOfRange": false,
      "batteryPack6CurrentOutOfRange": false,
      "batterypack1Sensor1TemperatureOutOfRange": false,
      "batterypack1Sensor2TemperatureOutOfRange": false,
      "batterypack2Sensor1TemperatureOutOfRange": false,
      "batterypack2Sensor2TemperatureOutOfRange": false,
      "batterypack3Sensor1TemperatureOutOfRange": false,
      "batterypack3Sensor2TemperatureOutOfRange": false,
      "batterypack4Sensor1TemperatureOutOfRange": false,
      "batterypack4Sensor2TemperatureOutOfRange": false,
      "batterypack5Sensor1TemperatureOutOfRange": false,
      "batterypack5Sensor2TemperatureOutOfRange": false,
      "batterypack6Sensor1TemperatureOutOfRange": false,
      "batterypack6Sensor2TemperatureOutOfRange": false,
      "mainBusVoltageoOutOfRange": false,
      "powerBoardSensor1TemperatureOutOfRange": false,
      "powerBoardSensor2TemperatureOutOfRange": false
    },
    "TMTCMainTransmitterSTATUS": {
      "LOCKPin": true,
      "DCLKPin": false,
      "LOCKPin2": true,
      "CarrierSense": true,
      "ContinuousPLLLockIndicator": false,
      "InstantaneousPLLLockIndicator": false,
      "PLLFailedLockAtPowerUp": true,
      "CalibrationComplete": true
    },
    "TTMErrorCondition": {
      "PLLFailedToLockInTheTransmitter": false,
      "ChargePumpCurrentExceededLimitsInTX": false,
      "PLLFailedToLockInTheReceiver": false,
      "ChargePumpCurrentExceededLimitsInRX": false,
      "RSSILowerThanTheSensitivityThreshold": false,
      "PKTToGSExceedMaxLimit": false,
      "MaximumAllowedFrequencyDeviationExceeded": false,
      "WDTError": false,
      "RTEMSError": false,
      "TemperatureOfTheRFSectionExceededLimits": false,
      "TemperatureOfTheDCDCSectionExceededLimits": false,
      "StandBy": false,
      "CurrentOfTheHPAIsInsufficient": false,
      "CurrentOfTheHPAExceededLimit": false,
      "CurrentOfTheLNARTXExceededLimit": false
    },
    "TTMFDIRPlatformStatus": {
      "pmm": false,
      "pmr": true,
      "pmmpingFailed": false,
      "pmrpingFailed": false,
      "obdhMain": false,
      "obdhMainBootMode": false,
      "obdhRedundant": true,
      "obdhRedundantBootMode": false,
      "obdmPingFailed": false,
      "obdrPingFailed": false,
      "tmm": false,
      "tmr": false,
      "tmmpingFailed": true,
      "tmrpingFailed": true,
      "s3": false,
      "s4": false,
      "isolationSwitch": false,
      "dompyroFire": false,
      "obdhReprogrammingFailed": false,
      "obdhReprogramming": false
    },
    "TMTCRedundantTransmitterSTATUS": {
      "LOCKPin": true,
      "DCLKPin": false,
      "LOCKPin2": true,
      "CarrierSense": true,
      "ContinuousPLLLockIndicator": false,
      "InstantaneousPLLLockIndicator": false,
      "PLLFailedLockAtPowerUp": true,
      "CalibrationComplete": false
    },
    "TTRErrorCondition": {
      "PLLFailedToLockInTheTransmitter": false,
      "ChargePumpCurrentExceededLimitsInTX": false,
      "PLLFailedToLockInTheReceiver": false,
      "ChargePumpCurrentExceededLimitsInRX": false,
      "RSSILowerThanTheSensitivityThreshold": false,
      "PKTToGSExceedMaxLimit": false,
      "MaximumAllowedFrequencyDeviationExceeded": false,
      "WDTError": false,
      "RTEMSError": false,
      "TemperatureOfTheRFSectionExceededLimits": false,
      "TemperatureOfTheDCDCSectionExceededLimits": false,
      "StandBy": false,
      "CurrentOfTheHPAIsInsufficient": false,
      "CurrentOfTheHPAExceededLimit": false,
      "CurrentOfTheLNARTXExceededLimit": false
    },
    "TTRFDIRPlatformStatus": {
      "pmm": false,
      "pmr": true,
      "pmmpingFailed": false,
      "pmrpingFailed": false,
      "obdhMain": false,
      "obdhMainBootMode": false,
      "obdhRedundant": true,
      "obdhRedundantBootMode": false,
      "obdmPingFailed": false,
      "obdrPingFailed": false,
      "tmm": false,
      "tmr": false,
      "tmmpingFailed": true,
      "tmrpingFailed": true,
      "s3": false,
      "s4": false,
      "isolationSwitch": false,
      "dompyroFire": false,
      "obdhReprogrammingFailed": false,
      "obdhReprogramming": false
    },
    "adc1": [
      "CHOUT0",
      "CHOUT0",
      "OK",
      "OK"
    ],
    "adc2": [
      "CHOUT0",
      "CHOUT0",
      "CHOUT0",
      "CHOUT0"
    ],
    "ChannelAFailSSKO": false,
    "ChannelBFailSSKO": false,
    "ChannelCFailSSKO": false,
    "ChannelDFailSSKO": false,
    "uCPCBOutOfTemp": true,
    "ADC1PCBOutOfTemp": false,
    "ADC2PCBOutOfTemp": false,
    "EXTCASEOutOfTemp": false,
    "DCDCOutOfTemp": false,
    "Bus478VCurrentOutOfThreshold": false,
    "Bus33VCurrentOutOfThreshold": false,
    "Bus478VVoltageOutOfThreshold": false,
    "Bus33VVoltageOutOfThreshold": false,
    "adc1ChannelXUsable": [
      false,
      true,
      false,
      true,
      false,
      false,
      false,
      false,
      false,
      true,
      false,
      true
    ],
    "adc2ChannelXUsable": [
      false,
      true,
      false,
      false,
      false,
      false,
      false,
      false,
      true,
      true,
      true,
      true
    ],
    "TAUInternalError": false,
    "TAUTimeoutError": false,
    "TAUEdgeDetectionError": false,
    "EseStandBy": false,
    "eseStatus": "OK",
    "ESEInitError": false,
    "TAUOutOfTemperatureRange": false,
    "uCPCBOutOfTemperatureRange": false,
    "uCESEPowerPCBOutOfTemp": false,
    "Bus50VCurrentOutOfThreshold": false,
    "BusEse33VCurrentOutOfThreshold": false,
    "Bus50VVoltageOutOfThreshold": false,
    "BusEse33VVoltageOutOfThreshold": false,
    "WheelDriverFault": false,
    "WheelDriverOverheat": false,
    "WheelIF33VOverheat": false,
    "WheelDriverOvercurrent": false,
    "WheelIFOvercurrent": false,
    "WheelIF15VOverheat": false,
    "WheelOverCurrent": false,
    "WDTRebootError": false,
    "RTEMSError": false,
    "WheelDriverSerialError": false,
    "MwrStandBy": false,
    "WheelAngularVelocityError": false,
    "InitError": false,
    "mwmCondition": false,
    "mwmError": "DELETED",
    "mwmStatus": "RUNNING_BOOT_LOADER",
    "MwmBootLoaderOk": false,
    "Memory1Ok": false,
    "Memory2Ok": false,
    "MemoryPreference": false,
    "OvertemperatureError": false,
    "TemperatureError": false,
    "TemperatureWarning": false,
    "EERestored": false,
    "EEWriteError": false,
    "EEReadError": false,
    "MMMFailCode": {
      "internalError": false,
      "watchdogRebootError": false,
      "mmmSerialError": false,
      "genError": false,
      "rtemsError": false,
      "standBy": false,
      "mmm5VOvercurrent": false,
      "mmmDCDCOutOfTemperatureRange": false
    },
    "MMRFailCode": {
      "internalError": false,
      "watchdogRebootError": false,
      "mmmSerialError": false,
      "genError": false,
      "rtemsError": false,
      "standBy": false,
      "mmm5VOvercurrent": false,
      "mmmDCDCOutOfTemperatureRange": false
    },
    "MTMFailCode": {
      "mtmInternalError": false,
      "watchdogRebootError": false,
      "mtmCommunicationError": false,
      "mtmGenError": false,
      "mtmxCoilError": false,
      "mtmyCoilError": false,
      "mtmzCoilError": false,
      "rteMSError": false,
      "standBy": false,
      "mtmDCDC12OutOfTemperatureRange": true,
      "mtmDCDC5OutOfTemperatureRange": true,
      "mtm12VOvercurrent": true,
      "mtm5VOvercurrent": false
    },
    "MTRFailCode": {
      "mtmInternalError": false,
      "watchdogRebootError": false,
      "mtmCommunicationError": false,
      "mtmGenError": true,
      "mtmxCoilError": false,
      "mtmyCoilError": false,
      "mtmzCoilError": false,
      "rteMSError": false,
      "standBy": false,
      "mtmDCDC12OutOfTemperatureRange": true,
      "mtmDCDC5OutOfTemperatureRange": true,
      "mtm12VOvercurrent": true,
      "mtm5VOvercurrent": false
    },
    "TMTCRedundantTransmitterSTATUS2": {
      "LOCKPin": false,
      "DCLKPin": false,
      "LOCKPin2": false,
      "CarrierSense": false,
      "ContinuousPLLLockIndicator": false,
      "InstantaneousPLLLockIndicator": false,
      "PLLFailedLockAtPowerUp": false,
      "CalibrationComplete": false
    },
    "TTRErrorCondition2": {
      "PLLFailedToLockInTheTransmitter": false,
      "ChargePumpCurrentExceededLimitsInTX": false,
      "PLLFailedToLockInTheReceiver": false,
      "ChargePumpCurrentExceededLimitsInRX": false,
      "RSSILowerThanTheSensitivityThreshold": false,
      "PKTToGSExceedMaxLimit": false,
      "MaximumAllowedFrequencyDeviationExceeded": false,
      "WDTError": false,
      "RTEMSError": false,
      "TemperatureOfTheRFSectionExceededLimits": false,
      "TemperatureOfTheDCDCSectionExceededLimits": false,
      "StandBy": false,
      "CurrentOfTheHPAIsInsufficient": false,
      "CurrentOfTheHPAExceededLimit": false,
      "CurrentOfTheLNARTXExceededLimit": false
    }
  },
  "rawData": [
    -118,
    -90,
    -118,
    -98,
    64,
    64,
    96,
    -110,
    -82,
    104,
    -120,
    -86,
    -104,
    97,
    -108,
    -1,
    -16,
    3,
    122,
    -14,
    15,
    52,
    -48,
    0,
    0,
    0,
    0,
    0,
    0,
    0,
    0,
    0,
    0,
    0,
    0,
    0,
    0,
    0,
    0,
    0,
    0,
    0,
    0,
    0,
    0,
    0,
    0,
    0,
    11,
    0,
    63,
    0,
    0,
    0,
    0,
    0,
    3,
    0,
    0,
    0,
    0,
    0,
    0,
    0,
    -1,
    -1,
    -65,
    17,
    1,
    -32,
    2,
    -62,
    60,
    13,
    -79,
    127,
    -67,
    80,
    -23,
    25,
    -65,
    106,
    0,
    109,
    0,
    98,
    0,
    99,
    0,
    101,
    0,
    95,
    0,
    108,
    95,
    0,
    0,
    0,
    0,
    0,
    -77,
    0,
    0,
    66,
    12,
    0,
    0,
    -78,
    0,
    0,
    66,
    12,
    0,
    0,
    80,
    85,
    15,
    0,
    80,
    84,
    15,
    0,
    0,
    0,
    0,
    0,
    0,
    0,
    0,
    0,
    0,
    0,
    0,
    0,
    112,
    16,
    112,
    0,
    0,
    0,
    0
  ],
  "beginSample": 3488,
  "beginMillis": 0
}