{
  "telemetry": {
    "batteryVoltageAll": 8.288383,
    "batteryVoltage12345": 5.9311194,
    "batteryVoltage1234": 4.7246933,
    "batteryVoltage123": 3.5578628,
    "batteryVoltage12": 2.359847,
    "batteryVoltage1": 1.1853839,
    "bus4v6Current": 0.018719183,
    "bus4v6Voltage": 4.5808215,
    "bus3v3Current": 0.09616788,
    "bus3v3Voltage": 3.3550766,
    "solarTotalCurrent": 0.19171171,
    "solarTotalVoltage": 17.384502,
    "solarXPlusCurrent": -0.010246759,
    "solarXMinusCurrent": 0.0026979968,
    "solarYPlusCurrent": 0.0036893692,
    "solarYMinusCurrent": 0.18065208,
    "solarXPlusVoltage": 5.4962716,
    "solarXMinusVoltage": 15.336712,
    "solarYPlusVoltage": 3.9208763,
    "solarYMinusVoltage": 17.171257,
    "cell7Voltage": 8.269399,
    "cell6Voltage": 7.09644,
    "lowVoltageCurrent": 0.06289202,
    "batteryOutputCurrentPos": 0.64374846,
    "uhfTransmitterCurrent": 0.8093576,
    "batteryCurrentPosNegIndicator": 1377.0,
    "planeDACVoltageMonitor": 0.03006532,
    "bcr4vOutputVoltage": 4.0128355,
    "batteryTipMassVoltage": 0.6904619,
    "muxedPdbData": 760,
    "sTransmitterTemperature": -567.9982,
    "uhfTransmitterTemperature": -470.58304,
    "solarYPlusTemperature": 1306.2483,
    "solarYMinusTemperature": 1049.7029,
    "solarXPlusTemperature": 1151.3473,
    "solarXMinusTemperature": 1370.5802,
    "batteryTemperature": 1922.2312,
    "mainVoltageRegualtorBcrTemperature": 1980.2258,
    "uhfVRegTransmitterTemperature": 1971.9336,
    "dataBroadcastTime": 8,
    "digipeaterOn": true,
    "txtBroadcastRatio": 2,
    "batteryManagementState": 0,
    "wodState": "RUNNING",
    "edacErrors": 104,
    "boomBatChgCurrent": 1297.862,
    "pdb9V": 8.096737,
    "boomBatChgVoltage": 110.14477,
    "pdb9VCurrent": 14.198136,
    "ardbCurrent": 2.475225,
    "ardb28V": 28.009098,
    "sTxCurrent": -38.98358,
    "pdb5VCurrent": 55.804886,
    "pdb3v3": 3.307149,
    "pdb3v3Current": -8.492761,
    "pdb5VVoltage": 5.0131397,
    "pdbTemperature": 19.475409,
    "channelNumber": 0,
    "timestamp": 1599166512
  },
  "header": {
    "destinationAddress": {
      "callsign": "TLMI",
      "ssid": 1
    },
    "sourceAddress": {
      "callsign": "PFS3",
      "ssid": 1
    },
    "frameType": "U",
    "sendSequenceNumber": 0,
    "receiveSequenceNumber": 0,
    "uControlType": "UI",
    "pid": 240
  },
  "beginSample": 0,
  "beginMillis": 0
}