{
  "header": {
    "type": 3,
    "uptime": 91927,
    "resetCount": 71,
    "foxId": 4
  },
  "payloadMin": {
  "softError": {
    "dacOverflows": 73,
    "i2c1Retries": 0,
    "i2c2Retries": 0,
    "spiRetries": 0,
    "mramCRCs": 0
    },
    "maxTimestampResetCount": 70,
    "maxTimestampUptime": 98873,
    "safeModeIndication": false,
    "autoSafeModeActive": false,
    "autoSafeModeAllowed": true,
    "batteryAVolt": 0.0,
    "batteryBVolt": 0.0,
    "batteryCVolt": 3.6153846,
    "batteryATemperature": -207.0,
    "batteryBTemperature": -207.0,
    "batteryCTemperature": -207.0,
    "totalBatteryCurrent": 2091.95,
    "batteryBoardTemperature": -207.0,
    "panelPlusXVolt": 0.0,
    "panelMinusXVolt": 0.0,
    "panelPlusYVolt": 0.0016494624,
    "panelMinusYVolt": 0.0,
    "panelPlusZVolt": 0.0016494624,
    "panelMinusZVolt": 0.0,
    "pcuTemperature": 10.923077,
    "spin": 0.0,
    "txPaCurrent": 5.7128906,
    "txTemperature": 8.9375,
    "rxTemperature": -89.33333,
    "rssi": -137.75522,
    "ihuTemperature": 30.0,
    "xAngularVelocity": -20.357485,
    "yAngularVelocity": -31.972746,
    "zAngularVelocity": -21.486174,
    "exp4Temperature": -196.0,
    "psuCurrent": 6.591797
  },
  "beginSample": 0,
  "beginMillis": 0
}