{
  "header": {
    "type": 2,
    "uptime": 91985,
    "resetCount": 71,
    "foxId": 4
  },
  "payloadMax": {
  "ihuHardError": {
    "watchDogReports": 0,
    "error": "PowerCycle",
    "mramErrorCount": 0,
    "nonFatalErrorCount": 0,
    "ihuTask": "Unknown",
    "alignment": 39
    },
    "maxTimestampResetCount": 70,
    "maxTimestampUptime": 98873,
    "safeModeIndication": false,
    "autoSafeModeActive": false,
    "autoSafeModeAllowed": true,
    "batteryAVolt": 0.0,
    "batteryBVolt": 0.0,
    "batteryCVolt": 4.302204,
    "batteryATemperature": -207.0,
    "batteryBTemperature": -207.0,
    "batteryCTemperature": -207.0,
    "totalBatteryCurrent": 2091.95,
    "batteryBoardTemperature": -207.0,
    "panelPlusXVolt": 6.2283697,
    "panelMinusXVolt": 5.758273,
    "panelPlusYVolt": 5.804458,
    "panelMinusYVolt": 5.70714,
    "panelPlusZVolt": 5.7665205,
    "panelMinusZVolt": 5.70714,
    "panelPlusXTemperature": -44.97023,
    "panelMinusXTemperature": -50.83359,
    "panelPlusYTemperature": -44.78093,
    "panelMinusYTemperature": -48.37593,
    "panelPlusZTemperature": -46.29505,
    "panelMinusZTemperature": -44.402298,
    "pcuTemperature": 82.066666,
    "spin": -0.00390625,
    "txPaCurrent": 221.04492,
    "txTemperature": 35.15625,
    "rxTemperature": -70.666664,
    "rssi": -73.63244,
    "ihuTemperature": 57.727272,
    "xAngularVelocity": 22.96986,
    "yAngularVelocity": 28.409391,
    "zAngularVelocity": 22.057243,
    "exp4Temperature": -192.0,
    "psuCurrent": 965.8203
  },
  "beginSample": 0,
  "beginMillis": 0
}