{
  "header": {
    "type": 0,
    "uptime": 836547,
    "resetCount": 69,
    "foxId": 4
  },
  "payloadRealtime": {
    "ihuDiagnosticData": {
      "gyro1Z": -2.8614848
    },
    "experiment1Failure": true,
    "experiment2Failure": true,
    "experiment3Failure": false,
    "experiment4Failure": false,
    "battI2CFailure": true,
    "psu1I2CFailure": false,
    "psu2I2CFailure": false,
    "numberOfGroundCommandedTlmResets": 0,
    "rxAntenna": true,
    "txAntenna": true,
    "batteryAVolt": 0.0,
    "batteryBVolt": 0.0,
    "batteryCVolt": 4.1401944,
    "batteryATemperature": -207.0,
    "batteryBTemperature": -207.0,
    "batteryCTemperature": -207.0,
    "totalBatteryCurrent": 2091.95,
    "batteryBoardTemperature": -207.0,
    "panelPlusXVolt": 4.7042665,
    "panelMinusXVolt": 4.758699,
    "panelPlusYVolt": 4.7158127,
    "panelMinusYVolt": 4.758699,
    "panelPlusZVolt": 4.7174625,
    "panelMinusZVolt": 4.69437,
    "panelPlusXTemperature": 12.281465,
    "panelMinusXTemperature": 8.243002,
    "panelPlusYTemperature": 11.319494,
    "panelMinusYTemperature": 8.243002,
    "panelPlusZTemperature": 11.127132,
    "panelMinusZTemperature": 13.051235,
    "pcuTemperature": 21.707317,
    "spin": -0.16796875,
    "txPaCurrent": 214.45311,
    "txTemperature": 21.441177,
    "rxTemperature": -79.333336,
    "rssi": -131.6129,
    "ihuTemperature": 42.272728,
    "xAngularVelocity": 2.770424,
    "yAngularVelocity": -2.85251,
    "zAngularVelocity": -2.6267676,
    "exp4Temperature": -194.66667,
    "psuCurrent": 718.99414
  },
  "payloadMax": {
    "ihuHardError": {
      "watchDogReports": 0,
      "error": "POWER_CYCLE",
      "mramErrorCount": 0,
      "nonFatalErrorCount": 0,
      "ihuTask": "UNKNOWN",
      "alignment": 55
    },
    "maxTimestampResetCount": 69,
    "maxTimestampUptime": 472405,
    "safeModeIndication": false,
    "autoSafeModeActive": false,
    "autoSafeModeAllowed": true,
    "batteryAVolt": 0.0,
    "batteryBVolt": 0.0,
    "batteryCVolt": 4.302204,
    "batteryATemperature": -207.0,
    "batteryBTemperature": -207.0,
    "batteryCTemperature": -207.0,
    "totalBatteryCurrent": 2091.95,
    "batteryBoardTemperature": -207.0,
    "panelPlusXVolt": 6.2283697,
    "panelMinusXVolt": 5.758273,
    "panelPlusYVolt": 5.804458,
    "panelMinusYVolt": 5.70714,
    "panelPlusZVolt": 5.7665205,
    "panelMinusZVolt": 5.70714,
    "panelPlusXTemperature": -44.97023,
    "panelMinusXTemperature": -50.83359,
    "panelPlusYTemperature": -44.78093,
    "panelMinusYTemperature": -48.37593,
    "panelPlusZTemperature": -46.29505,
    "panelMinusZTemperature": -44.402298,
    "pcuTemperature": 82.066666,
    "spin": -0.00390625,
    "txPaCurrent": 221.04492,
    "txTemperature": 35.15625,
    "rxTemperature": -70.666664,
    "rssi": -73.63244,
    "ihuTemperature": 57.727272,
    "xAngularVelocity": 22.96986,
    "yAngularVelocity": 28.409391,
    "zAngularVelocity": 22.057243,
    "exp4Temperature": -192.0,
    "psuCurrent": 929.93164
  },
  "payloadMin": {
    "softError": {
      "dacOverflows": 1,
      "i2c1Retries": 0,
      "i2c2Retries": 0,
      "spiRetries": 0,
      "mramCRCs": 0
    },
    "maxTimestampResetCount": 69,
    "maxTimestampUptime": 472405,
    "safeModeIndication": false,
    "autoSafeModeActive": false,
    "autoSafeModeAllowed": true,
    "batteryAVolt": 0.0,
    "batteryBVolt": 0.0,
    "batteryCVolt": 3.632,
    "batteryATemperature": -207.0,
    "batteryBTemperature": -207.0,
    "batteryCTemperature": -207.0,
    "totalBatteryCurrent": 2091.95,
    "batteryBoardTemperature": -207.0,
    "panelPlusXVolt": 0.0,
    "panelMinusXVolt": 0.0,
    "panelPlusYVolt": 0.0016494624,
    "panelMinusYVolt": 0.0,
    "panelPlusZVolt": 0.0016494624,
    "panelMinusZVolt": 0.0,
    "pcuTemperature": 10.923077,
    "spin": 0.0,
    "txPaCurrent": 5.7128906,
    "txTemperature": 8.9375,
    "rxTemperature": -89.33333,
    "rssi": -137.75522,
    "ihuTemperature": 30.0,
    "xAngularVelocity": -20.357485,
    "yAngularVelocity": -31.972746,
    "zAngularVelocity": -21.486174,
    "exp4Temperature": -196.0,
    "psuCurrent": 6.591797
  },
  "pictureScanLines": [
    {
      "counter": 20,
      "lineNumber": 12,
      "data": [
        -20,
        -116,
        -42,
        40,
        14,
        103,
        -97,
        35,
        -74,
        -33,
        -2,
        -75,
        61,
        13,
        -76,
        -119,
        -104,
        -82,
        -114,
        125,
        -59,
        85,
        -91,
        -40,
        -59,
        49,
        -23,
        9,
        113,
        -5,
        -42,
        89,
        9,
        -23,
        -69,
        -91,
        39,
        -40,
        -108,
        -113,
        -11,
        56,
        31,
        -34,
        11,
        -118,
        87,
        11,
        16,
        -51,
        110,
        -79,
        -82,
        -2,
        8,
        -3,
        106,
        -65,
        -105,
        17,
        27,
        -107,
        25,
        72,
        -25,
        -91,
        56,
        -74,
        45,
        11,
        17,
        -35,
        77,
        18,
        -30,
        21,
        12,
        125,
        115,
        -2,
        20,
        -41,
        -44,
        -81,
        48,
        3,
        98,
        49,
        -45,
        59,
        42,
        -84,
        -98,
        -32,
        55,
        99,
        92,
        103,
        125,
        -55,
        -28,
        115,
        -112,
        0,
        -90,
        -61,
        -89,
        48,
        -105,
        116,
        127,
        62,
        15,
        12,
        56,
        -59,
        31,
        15,
        64,
        -36,
        -76,
        -48,
        4,
        -5,
        -1,
        0,
        57,
        -12,
        80,
        77,
        61,
        45,
        -27,
        97,
        -120,
        -83,
        -96,
        79,
        119,
        28,
        -46,
        -72,
        -20,
        17,
        105,
        38,
        48,
        100,
        -107,
        -44,
        -109,
        -36,
        47,
        74,
        -107,
        86,
        -46,
        -40,
        3,
        -112,
        -52,
        125,
        112,
        127,
        74,
        57,
        -70,
        33,
        -91,
        98,
        -62,
        -34,
        -60,
        70,
        -60,
        97,
        -111,
        -4,
        35,
        3,
        21,
        19,
        92,
        -57,
        39,
        -53,
        49,
        -29,
        -80,
        90,
        92,
        -84,
        46,
        42,
        -1,
        0,
        103,
        -124,
        -60,
        -70,
        -122,
        -49,
        -10,
        81,
        -58,
        106,
        49,
        43,
        -84,
        -72,
        -73,
        -71,
        113,
        23,
        -16,
        -85,
        21,
        -109,
        32,
        -2,
        -126,
        -99,
        -97,
        96,
        -70,
        28,
        -55,
        51,
        38,
        101,
        -72,
        76,
        14,
        48,
        80,
        10,
        -118,
        75,
        88,
        -91,
        -39,
        -75,
        -127,
        -57,
        81,
        -114,
        77,
        23,
        75,
        100,
        22,
        19,
        -20,
        -88,
        1,
        56,
        -25,
        -3,
        -22,
        123,
        27,
        107,
        100,
        45,
        46,
        -64,
        49,
        -58,
        15,
        39,
        -16,
        -93,
        -103,
        -122,
        -123,
        59,
        -117,
        -117,
        70,
        101,
        54,
        -21,
        -111,
        -43,
        -121,
        35,
        -97,
        -53,
        20,
        91,
        -22,
        45,
        17,
        109,
        -22,
        25,
        24,
        96,
        40,
        28,
        10,
        -88,
        -59,
        -11,
        38,
        -31,
        -25,
        -84,
        -117,
        -105,
        3,
        30,
        -99,
        106,
        -91,
        -60,
        -123,
        -64,
        80,
        78,
        -33,
        74,
        57,
        109,
        -96,
        95,
        66,
        -95,
        78,
        58,
        83,
        113,
        -37,
        21,
        -87,
        1,
        -76,
        -30,
        -108,
        47,
        20,
        -82,
        52,
        -121,
        96,
        1,
        73,
        -118,
        69,
        10,
        49,
        77,
        43,
        -23,
        64,
        -82,
        38,
        41,
        2,
        -45,
        16,
        20,
        -30,
        -109,
        -127,
        -23,
        64,
        9,
        -12,
        20,
        -8,
        49,
        -10,
        -120,
        -73,
        46,
        87,
        112,
        -56,
        -11,
        25,
        -82,
        12,
        -41,
        -3,
        -62,
        -65,
        -8,
        37,
        -7,
        49,
        -93
      ]
    },
    {
      "counter": 20,
      "lineNumber": 13,
      "data": [
        -34,
        75,
        -108,
        -33,
        -13,
        -88,
        -25,
        -8,
        -101,
        45,
        -6,
        84,
        -15,
        -53,
        7,
        39,
        27,
        -105,
        -48,
        13,
        -97,
        -91,
        107,
        103,
        -48,
        -25,
        -71,
        34,
        -36,
        -125,
        -97,
        44,
        52,
        106,
        -93,
        -82,
        -32,
        -65,
        -83,
        72,
        102,
        -105,
        1,
        -40,
        -56,
        80,
        -9,
        45,
        -111,
        74,
        -35,
        -64,
        -114,
        123,
        -41,
        66,
        0,
        101,
        -63,
        29,
        -7,
        -59,
        69,
        -10,
        -59,
        -37,
        -80,
        -78,
        -116,
        -3,
        -18,
        51,
        -102,
        124,
        -95,
        113,
        -15,
        -36,
        21,
        92,
        33,
        85,
        30,
        -89,
        -118,
        -77,
        15,
        -39,
        -27,
        -30,
        89,
        60,
        -29,
        -22,
        -57,
        0,
        125,
        40,
        -80,
        38,
        90,
        107,
        104,
        99,
        93,
        -53,
        34,
        12,
        118,
        -50,
        105,
        -56,
        -56,
        -24,
        23,
        115,
        5,
        -18,
        106,
        53,
        123,
        -106,
        57,
        46,
        -19,
        34,
        1,
        84,
        -98,
        120,
        -58,
        -45,
        82,
        -120,
        -106,
        86,
        -35,
        -26,
        58,
        15,
        -10,
        120,
        -94,
        -49,
        112,
        76,
        81,
        5,
        -76,
        -125,
        111,
        -37,
        92,
        -29,
        -88,
        15,
        -97,
        -46,
        -112,
        -39,
        91,
        99,
        62,
        107,
        31,
        -62,
        -117,
        -66,
        -63,
        98,
        -107,
        -44,
        86,
        -47,
        -109,
        -37,
        -114,
        -89,
        -116,
        -43,
        99,
        2,
        -70,
        0,
        9,
        96,
        123,
        17,
        -118,
        -88,
        -74,
        38,
        -119,
        18,
        -46,
        -43,
        88,
        100,
        -110,
        61,
        0,
        34,
        -84,
        6,
        -14,
        -55,
        16,
        91,
        1,
        -113,
        -30,
        110,
        105,
        -74,
        -34,
        -128,
        -107,
        -118,
        -114,
        -50,
        -19,
        -66,
        73,
        -94,
        -50,
        120,
        11,
        -38,
        -104,
        -45,
        22,
        94,
        -71,
        -57,
        -91,
        53,
        -75,
        -112,
        -124,
        69,
        119,
        25,
        -22,
        7,
        63,
        49,
        -23,
        83,
        -59,
        -10,
        117,
        25,
        -109,
        -53,
        39,
        -23,
        -102,
        24,
        33,
        -52,
        -15,
        56,
        10,
        21,
        -74,
        -6,
        -111,
        -59,
        40,
        -75,
        -127,
        -16,
        51,
        -113,
        94,
        8,
        -2,
        117,
        58,
        -95,
        -40,
        108,
        -10,
        -2,
        88,
        -60,
        46,
        8,
        -9,
        21,
        77,
        -93,
        63,
        -60,
        -32,
        83,
        79,
        -72,
        88,
        -119,
        -108,
        98,
        -103,
        -127,
        -23,
        86,
        33,
        48,
        105,
        -76,
        88,
        76,
        80,
        40,
        40,
        123,
        83,
        16,
        -17,
        36,
        -29,
        -111,
        -113,
        -83,
        1,
        2,
        -113,
        -68,
        13,
        43,
        -10,
        11,
        10,
        -88,
        -89,
        -96,
        -90,
        -80,
        29,
        49,
        -7,
        -46,
        24,
        -61,
        24,
        39,
        -106,
        -57,
        -46,
        -105,
        -55,
        -120,
        115,
        -110,
        -44,
        -45,
        125,
        4,
        33,
        65,
        -37,
        -118,
        104,
        -62,
        -80,
        39,
        56,
        7,
        -75,
        112,
        102,
        -73,
        -6,
        -123,
        127,
        -16,
        75,
        -1,
        0,
        73,
        99,
        63
      ]
    },
    {
      "counter": 20,
      "lineNumber": 14,
      "data": [
        -36,
        88,
        -93,
        50,
        97,
        -33,
        106,
        -3,
        51,
        73,
        36,
        72,
        -65,
        116,
        -15,
        -22,
        107,
        91,
        -77,
        -100,
        -113,
        36,
        17,
        -48,
        -30,
        -91,
        18,
        -15,
        -2,
        -83,
        127,
        19,
        87,
        -72,
        19,
        69,
        53,
        -94,
        -61,
        -74,
        91,
        80,
        -51,
        -100,
        -18,
        -51,
        64,
        12,
        59,
        -65,
        -43,
        -100,
        118,
        -26,
        -107,
        -97,
        112,
        23,
        49,
        31,
        -31,
        106,
        14,
        -48,
        -93,
        7,
        -16,
        -89,
        -88,
        15,
        73,
        54,
        -114,
        -12,
        -10,
        -100,
        -78,
        -19,
        4,
        -127,
        -33,
        -42,
        -107,
        -127,
        92,
        112,
        -97,
        -53,
        11,
        -27,
        -100,
        -97,
        86,
        4,
        -29,
        -13,
        -83,
        11,
        61,
        81,
        96,
        79,
        -99,
        -66,
        108,
        -9,
        -63,
        -2,
        116,
        53,
        112,
        90,
        23,
        63,
        -75,
        -20,
        89,
        1,
        35,
        36,
        118,
        10,
        63,
        -91,
        88,
        -118,
        -26,
        -50,
        120,
        -63,
        86,
        69,
        31,
        -17,
        -1,
        0,
        74,
        -49,
        -111,
        -94,
        -18,
        86,
        -66,
        -114,
        41,
        23,
        -53,
        14,
        -103,
        60,
        -113,
        -109,
        -97,
        -50,
        -77,
        -60,
        47,
        -65,
        -110,
        72,
        29,
        -24,
        -117,
        6,
        89,
        72,
        -119,
        76,
        39,
        -105,
        -97,
        92,
        -26,
        -108,
        89,
        -68,
        -116,
        1,
        -103,
        14,
        127,
        -123,
        57,
        -90,
        0,
        -6,
        91,
        -88,
        36,
        110,
        -38,
        58,
        -25,
        3,
        31,
        -99,
        67,
        -10,
        56,
        -62,
        100,
        -29,
        29,
        -114,
        -17,
        -16,
        -30,
        -114,
        112,
        -79,
        19,
        -62,
        -79,
        14,
        54,
        -25,
        -21,
        -102,
        -115,
        99,
        44,
        -39,
        89,
        87,
        62,
        -128,
        85,
        38,
        43,
        18,
        6,
        114,
        -40,
        -110,
        63,
        51,
        -12,
        -87,
        22,
        71,
        -124,
        124,
        -95,
        99,
        31,
        -99,
        45,
        0,
        -115,
        -82,
        88,
        -116,
        121,
        -100,
        125,
        42,
        22,
        -37,
        -116,
        -18,
        36,
        -6,
        83,
        75,
        -80,
        16,
        -79,
        6,
        -103,
        -118,
        -76,
        -119,
        108,
        54,
        -45,
        -107,
        67,
        12,
        80,
        33,
        118,
        40,
        -24,
        49,
        74,
        1,
        31,
        118,
        -128,
        20,
        -122,
        60,
        30,
        105,
        -23,
        10,
        99,
        -107,
        36,
        -3,
        105,
        109,
        -80,
        -48,
        -92,
        40,
        24,
        17,
        -100,
        -2,
        85,
        9,
        85,
        -49,
        63,
        -107,
        36,
        3,
        88,
        -127,
        -48,
        98,
        -93,
        45,
        -102,
        -92,
        -124,
        -40,
        -62,
        112,
        57,
        52,
        -118,
        -55,
        -67,
        67,
        115,
        -110,
        56,
        -82,
        28,
        -41,
        -3,
        -62,
        -65,
        -8,
        37,
        -1,
        0,
        -92,
        -79,
        35
      ]
    }
  ],
  "beginSample": 0,
  "beginMillis": 0
}