{
  "header": {
    "type": 2,
    "uptime": 524293,
    "resetCount": 114,
    "foxId": 3
  },
  "payloadMax": {
  "ihuHardError": {
    "watchDogReports": 0,
    "error": "PowerCycle",
    "mramErrorCount": 0,
    "nonFatalErrorCount": 0,
    "ihuTask": "Unknown",
    "alignment": 89
    },
    "maxTimestampResetCount": 79,
    "maxTimestampUptime": 10533,
    "safeModeIndication": true,
    "autoSafeModeActive": false,
    "autoSafeModeAllowed": true,
    "batteryAVolt": 0.0,
    "batteryBVolt": 0.0,
    "batteryCVolt": 4.5280514,
    "batteryATemperature": -207.0,
    "batteryBTemperature": -207.0,
    "batteryCTemperature": -207.0,
    "totalBatteryCurrent": 2091.95,
    "batteryBoardTemperature": -207.0,
    "panelPlusXVolt": 6.7545485,
    "panelMinusXVolt": 5.844045,
    "panelPlusYVolt": 5.796211,
    "panelMinusYVolt": 5.7566237,
    "panelPlusZVolt": 5.8242517,
    "panelMinusZVolt": 5.7566237,
    "panelPlusXTemperature": -37.769726,
    "panelMinusXTemperature": -41.56128,
    "panelPlusYTemperature": -42.12966,
    "panelMinusYTemperature": -44.212967,
    "panelPlusZTemperature": -41.56128,
    "panelMinusZTemperature": -39.476425,
    "pcuTemperature": 82.066666,
    "spin": -0.00390625,
    "txPaCurrent": 0.36621094,
    "txTemperature": -222.33333,
    "rxTemperature": 27.470589,
    "rssi": -126.888885,
    "ihuTemperature": 49.545456,
    "xAngularVelocity": 26.801004,
    "yAngularVelocity": 22.747746,
    "zAngularVelocity": 18.56743,
    "exp4Temperature": -190.66667,
    "psuCurrent": 753.6621
  },
  "beginSample": 0,
  "beginMillis": 0
}