{
  "downlinkState1": "SafeWaitTlm",
  "downlinkState2": "SafeCar2",
  "downlinkState3": "Safe"
}