{
  "header": {
    "priority": "CSP_PRIO_LOW",
    "source": 31,
    "destination": 31,
    "sourcePort": 62,
    "destinationPort": 37,
    "ffrag": false,
    "fhmac": false,
    "fxtea": false,
    "frdp": false,
    "fcrc32": false
  },
  "beaconCounter": 4274,
  "solarPanelVoltageX": 2448,
  "solarPanelVoltageY": 2448,
  "solarPanelVoltageZ": 2432,
  "epsTemp0": 1,
  "epsTemp1": 3,
  "epsTemp2": 2,
  "epsTemp3": 2,
  "epsBootCause": 7,
  "epsBattMode": 3,
  "solarPanelCurrent": 0,
  "systemInputCurrent": 80,
  "batteryVoltage": 8262,
  "radioPATemp": 4,
  "txCount": 45584,
  "rxCount": 0,
  "obcTemp0": 1.0,
  "obcTemp1": 1.0,
  "angVelocityMag": 10,
  "magnetometerX": 288.0,
  "magnetometerY": 0.0,
  "magnetometerZ": 0.0,
  "mainAxisOfRotation": 89,
  "timestamp": 0,
  "solarPanelRegulatorTemp0": 0,
  "solarPanelRegulatorTemp1": 0,
  "solarPanelRegulatorTemp2": 0,
  "batteryTemp": 0,
  "bootCause": 0,
  "batteryMode": 0,
  "solarPannelCurrent": 0,
  "systemCurrent": 0,
  "epsBootCount": 0,
  "radioAmplifierTemp": 0.0,
  "lastRxRfPower": 0,
  "lastRfError": 0,
  "radioBootCount": 0,
  "gyroX": 0.0,
  "gyroY": 0.0,
  "gyroZ": 0.0,
  "solarPanelRegulatorCurrent0": 0,
  "solarPanelRegulatorCurrent1": 0,
  "solarPanelRegulatorCurrent2": 0,
  "solarPanelTemp0": 0.0,
  "solarPanelTemp1": 0.0,
  "solarPanelTemp2": 0.0,
  "solarPanelTemp3": 0.0,
  "solarPanelTemp4": 0.0,
  "solarPanelTemp5": 0.0,
  "sunSensor0": 0,
  "sunSensor1": 0,
  "sunSensor2": 0,
  "sunSensor3": 0,
  "sunSensor4": 0,
  "sunSensor5": 0,
  "imageBlock": 0,
  "rawData": [
    -126,
    -110,
    -91,
    0,
    16,
    -78,
    -103,
    -103,
    -104,
    101,
    103,
    102,
    102,
    7,
    3,
    0,
    5,
    -13,
    104,
    -78,
    16,
    0,
    0,
    101,
    101,
    10,
    48,
    0,
    0,
    89,
    3,
    3,
    2,
    2,
    102,
    -66,
    9,
    35
  ],
  "beginSample": 28796,
  "beginMillis": 0
}