{
  "telemetry": {
    "telemetryId": 5673,
    "unixMillis": 857,
    "unixSeconds": 1630046548,
    "tlmProcessTimeMillis": 22435,
    "panelXVoltage": 1453,
    "panelYVoltage": 1603,
    "panelZVoltage": 1537,
    "panelXCurrent": 83,
    "panelYCurrent": 483,
    "panelZCurrent": 217,
    "epsBootCause": 8,
    "epsBatteryMode": 3,
    "mpttXTemperature": 8,
    "mpttYTemperature": 8,
    "epsTemperature": 8,
    "batter1Temperature": 7,
    "batter2Temperature": 4,
    "batter3Temperature": 4,
    "panelTotalCurrent": 128,
    "systemConsumedCurrent": 106,
    "batteryVoltage": 8307,
    "gpsCurrent": 0.0,
    "epsBootCount": 479,
    "paTransceiverTemperature": 12.3,
    "transceiverTxCount": 19254,
    "transceiverRxCount": 82,
    "lastRssi": 65419,
    "radioBootCounter": 899,
    "obc1Temperature": 12.8,
    "obc2Temperature": 13.1,
    "gyroX": 3.22,
    "gyroY": -2.85,
    "gyroZ": -6.46,
    "magnetometerX": -564,
    "magnetometerY": -3743,
    "magnetometerZ": -4128,
    "panelXpTemperature": 17.0,
    "panelYpTemperature": 13.0,
    "panelXmTemperature": 19.75,
    "panelYmTemperature": 21.0,
    "panelZpTemperature": -0.25,
    "panelZmTemperature": 23.25,
    "sunSensorXp": 65,
    "sunSensorYp": 552,
    "sunSensorZp": 54,
    "sunSensorXm": 8,
    "sunSensorYm": 13,
    "sunSensorZm": 307,
    "epsOutputsStatus": 24,
    "obcBootCounter": 10231,
    "ledStatus": 0,
    "gpsStatus": 0,
    "gpsFixTime": 0,
    "gpsLatitude": 0.0,
    "gpsLongitude": 0.0,
    "gpsAltitude": 0,
    "softwareStatus": 2,
    "externalGyroX": -203.86,
    "externalGyroY": 20.27,
    "externalGyroZ": -244.16,
    "externalMagnetometerX": 20424,
    "externalMagnetometerY": -13603,
    "externalMagnetometerZ": 23300
  },
  "header": {
    "priority": "CSP_PRIO_NORM",
    "source": 1,
    "destination": 9,
    "sourcePort": 32,
    "destinationPort": 8,
    "ffrag": false,
    "fhmac": false,
    "fxtea": false,
    "frdp": false,
    "fcrc32": false
  },
  "beginSample": 0,
  "beginMillis": 0
}