{
  "header": {
    "priority": "CSP_PRIO_NORM",
    "source": 1,
    "destination": 15,
    "sourcePort": 14,
    "destinationPort": 29,
    "ffrag": false,
    "fhmac": false,
    "fxtea": false,
    "frdp": false,
    "fcrc32": false
  },
  "versionNumber": 0,
  "spacecraftId": 65,
  "virtualChannelId": 1,
  "virtualChannelFrameCounter": 217,
  "firstHeaderPointer": 0,
  "emptyFrame": false,
  "ocf": true,
  "sequenceFlags": 3,
  "fixedLengthFrame": false,
  "primaryHeader": {
    "packetVersion": 0,
    "packetType": 0,
    "secondaryHeader": true,
    "applicationProcessId": 1,
    "sequenceFlag": 3,
    "packetName": 16383,
    "packetDataLength": 108
  },
  "secondaryHeader": {
    "pusVersion": 1,
    "timeReference": 0,
    "serviceType": 3,
    "messageSubtype": 25,
    "typeCounter": 35179,
    "destinationId": 1000,
    "day": 17939,
    "millisecondsOfTheDay": 37187133
  },
  "id": 5,
  "b5Temps": {
    "sunsTempPx": 14.0,
    "sunsTempNx": 8.0,
    "sunsTempPy": 13.0,
    "sunsTempNy": 255.0,
    "sunsTempPz": 52.0,
    "extMagTemp32": 11.75,
    "fssTempPx": 14.75,
    "fssTempNx": 17.15625,
    "fssTempPy": 12.625,
    "fssTempNy": 34.21875,
    "fssTempPz": 14.875,
    "gyroTemp32": 11.421177,
    "aocsTempA": 9.7,
    "aocsTempB": 10.3,
    "temp0": 13,
    "temp1": 14,
    "temp2": 12,
    "temp3": 12,
    "temp4": 8,
    "temp5": 8,
    "obcTempA": 14.6,
    "obcTempB": 15.0,
    "gyroTemp": 15.73,
    "tempBrd": 17.300001,
    "tempPa": 21.800001
  },
  "packetErrors": 24286,
  "frameErrors": 0,
  "frameErrorControl": 11,
  "beginSample": 0,
  "beginMillis": 0
}