{
  "length": 142,
  "receiverAddress": 4294967295,
  "transmitterAddress": 3372287498,
  "transactionNumber": 59414,
  "msgTypeId": 0,
  "frameDefinition": 0,
  "frameNumber": 5887,
  "frameGenerationTime": 367814,
  "brkTitle": "BRK MW VER:02_12",
  "brkNumberActive": 0,
  "brkRestartsCountActive": 1489,
  "brkCurrentModeId": 0,
  "brkTransmitterPowerActive": 7,
  "brkTempActive": 26,
  "brkModeStateActive": 0,
  "brkVoltageOffsetAmplifierActive": 2765,
  "brkLastReceivedPacketRssiActive": -118,
  "brkLastReceivedPacketSnrActive": 0,
  "brkArchiveRecordPointer": 1040,
  "brkLastReceivedPackedSnrInactive": 0,
  "msModuleState": 0,
  "msPayloadState": 8224,
  "msTemp": 9,
  "msPayloadPowerState": 96,
  "sopAltitudeGlonass": 0,
  "sopLatitudeGlonass": 30322979,
  "sopLongitudeGlonass": 11627826,
  "sopDateTimeGlonass": 661951152,
  "sopMagneticInductionModule": 37,
  "sopAngularVelocityVectorX": 0,
  "sopAngularVelocityVectorY": 0,
  "sopAngularVelocityVectorZ": 0,
  "sopAnglePriority1": 0,
  "sopAnglePriority2": 0,
  "sopMedianTemperature1": 0,
  "sopMedianTemperature6": 0,
  "sopBoardTemp": 22,
  "sopState": 3076,
  "sopStateDsg1": 3855,
  "sopStateDsg2": 36623,
  "sopStateDsg3": 3855,
  "sopOrientationNumber": 0,
  "sesMedianPanelXTempPositive": 18,
  "sesMedianPanelXTempNegative": 20,
  "sesSolarPanelsState": 44561493175,
  "sesChargeLevel": 14520,
  "sesBatteryState": 3086,
  "sesChargingKeysState": 12,
  "sesPowerLineState": 0,
  "sesTotalChargingPower": 101,
  "sesTotalGeneratedPower": 5108,
  "sesTotalPowerLoad": 3741,
  "sesMedianPmmTemp": 20,
  "sesMedianPamTemp": 22,
  "sesMedianPdmTemp": 18,
  "sesModuleState": 139302297600,
  "header": {
    "destinationAddress": {
      "callsign": "NSU",
      "ssid": 0,
      "extensionBit": 0
    },
    "sourceAddress": {
      "callsign": "CUBSAT",
      "ssid": 0,
      "extensionBit": 1
    },
    "frameType": "U",
    "sendSequenceNumber": 0,
    "receiveSequenceNumber": 0,
    "uControlType": "UI",
    "pid": 240
  },
  "beginSample": 0,
  "beginMillis": 0
}