{
  "beacon": {
    "solarPanel1Voltage": 5260,
    "solarPanel2Voltage": 4610,
    "solarPanel3Voltage": 2795,
    "solarPanel1Current": 166,
    "solarPanel2Current": 2,
    "solarPanel3Current": 27,
    "batterCurrent": 58,
    "channel1Current": 0,
    "channel2Current": 0,
    "channel3Current": 4,
    "channel4Current": 1,
    "batteryTemperature1": 7,
    "batteryTemperature2": 7,
    "batteryTemperature3": 6,
    "batteryTemperature4": 7,
    "criticalBatteryVoltage": false,
    "minimalBatteryVoltage": false,
    "heater2ManualControl": false,
    "heater1ManualControl": false,
    "heater2On": false,
    "heater1On": false,
    "batteryOvertemperature": false,
    "batteryUndertemperature": false,
    "channel4On": false,
    "channel3On": false,
    "channel2On": true,
    "channel1On": false,
    "channel4CurrentLimit": false,
    "channel3CurrentLimit": false,
    "channel2CurrentLimit": false,
    "channel1CurrentLimit": false,
    "chargingVoltage": false,
    "batteryVoltage": 7956,
    "pssTelemetryNumber": 1831,
    "pssLastTelemetryTimestamp": 1597569568,
    "pssResetCounter": 186,
    "psFlags": 4,
    "uhfAmpTemperature": 7,
    "uhfTemperature": 7,
    "rxRssi": -121,
    "idleRssi": -123,
    "forwardWavePower": 31,
    "reflectedWavePower": 15,
    "uhfResetCounter": 244,
    "uhfFlags": 14,
    "uhfTelemetryTimestamp": 1597569569,
    "uptimeSeconds": 1830,
    "uhfConsumptionCurrent": 28,
    "uhfVoltage": 8003
  },
  "header": {
    "destinationAddress": {
      "callsign": "R2ANF",
      "ssid": 0,
      "extensionBit": 0
    },
    "sourceAddress": {
      "callsign": "RS13S",
      "ssid": 1,
      "extensionBit": 1
    },
    "frameType": "I",
    "sendSequenceNumber": 0,
    "receiveSequenceNumber": 0,
    "pid": 240
  },
  "beginSample": 0,
  "beginMillis": 0
}