{
  "pwr": {
    "timestamp": 1445864748,
    "fullUptime": 1299948,
    "uptime": 1249815,
    "activeUP": 2,
    "fwVer": 4120,
    "reboots": 93,
    "countCOMErrors": 4,
    "countPSUErrors": 0,
    "iSolarYp": 0,
    "iSolarXp": 0,
    "iSolarYm": 0,
    "iSolarXm": 0,
    "iSolarZp": 208,
    "iSolarZm": 0,
    "tSolarYp": -96,
    "tSolarXp": -60,
    "tSolarYm": -47,
    "tSolarXm": -49,
    "tSolarZp": -31,
    "tSolarZm": -51,
    "uBatA": 3584,
    "uBatB": 3585,
    "tBat": 9,
    "cBatA": 100,
    "cBatB": 100,
    "capacity": 100,
    "iBatA": 72,
    "iBatB": 72,
    "iBatAmin": 0,
    "iBatBmin": 0,
    "iBatAmax": 2069,
    "iBatBmax": 2095,
    "iBatAavg": -1,
    "iBatBavg": 0,
    "iCDHSmin": 17,
    "iCDHSmax": 828,
    "iCDHSavg": 22,
    "iCDHSactual": 25,
    "iCOMmin": 30,
    "iCOMmax": 1336,
    "iCOMavg": 76,
    "iCOMactual": 37,
    "iCAMmin": 0,
    "iCAMmax": 0,
    "iCAMavg": 0,
    "iCAMactual": 0,
    "iEXPmin": 0,
    "iEXPmax": 0,
    "iEXPavg": 0,
    "iEXPactual": 0,
    "iADCSmin": 1,
    "iADCSmax": 105,
    "iADCSavg": 2,
    "iADCSactual": 2,
    "uSYSmin": 42312,
    "uSYSmax": 3602,
    "uSYSactual": 3587,
    "psuErrorTrxSwOvercurrent": false,
    "psuErrorTrxHwOvercurrent": true,
    "psuErrorObcSwOvercurrent": false,
    "psuErrorObcHwOvercurrent": false,
    "psuErrorAdcsSwOvercurrent": false,
    "psuErrorAdcsHwOvercurrent": false,
    "psuErrorCamSwOvercurrent": false,
    "psuErrorCamHwOvercurrent": false,
    "psuErrorExpSwOvercurrent": false,
    "psuErrorExpHwOvercurrent": false,
    "psuTrxSwitchedByObc": true,
    "psuObcSwitchedByObc": false,
    "psuErrorAdcsUndervoltage": false,
    "psuErrorCamUndervoltage": false,
    "psuErrorExpUndervoltage": false,
    "psuConnectionStatusAdcs": true,
    "psuConnectionStatusCam": false,
    "psuConnectionStatusExp": false,
    "psuConnectionStatusBat1": true,
    "psuConnectionStatusBat2": true,
    "psuConnectionStatusSolarDcdc": true,
    "psuConnectionStatusHeating": false,
    "psuBatteryCurrentUnbalanced": false,
    "psuMateCommOk": false,
    "psuServiceMode": false,
    "tsTemp": -5,
    "countCOMpacket": 29625,
    "PSUError": 0,
    "PSULastError": 0,
    "COMError": 0,
    "COMLastError": 16900,
    "cdhsILimit": 30,
    "comILimit": 120,
    "camILimit": 40,
    "adcsILimit": 155,
    "expILimit": 20,
    "camUvLimit": 44,
    "expUvLimit": 44,
    "adcsUvLimit": 44,
    "bat1VoltageMax": 3604,
    "bat1VoltageMin": -25900,
    "bat2VoltageMax": 3605,
    "bat2VoltageMin": -25926,
    "endofdata": 21946
  },
  "header": {
    "destinationAddress": {
      "callsign": "OM3KAA",
      "ssid": 0,
      "extensionBit": 0
    },
    "sourceAddress": {
      "callsign": "OM9SAT",
      "ssid": 0,
      "extensionBit": 1
    },
    "frameType": "U",
    "sendSequenceNumber": 0,
    "receiveSequenceNumber": 0,
    "uControlType": "UI",
    "pid": 240
  },
  "beginSample": 0,
  "beginMillis": 0
}