{
  "adcs": {
    "adcsMode": "DEFAULT",
    "bdK": 50,
    "maxPwmCoilX": 94,
    "maxPwmCoilY": 1,
    "maxPwmCoilZ": 150,
    "sunXPlusX": -25600,
    "sunXPlusY": 13823,
    "sunXPlusIrrad": 0,
    "sunXMinusX": -7,
    "sunXMinusY": 1536,
    "sunXMinusIrrad": 0,
    "sunYPlusX": -6,
    "sunYPlusY": 26112,
    "sunYPlusIrrad": 0,
    "sunYMinusX": -9,
    "sunYMinusY": -8448,
    "sunYMinusIrrad": 255,
    "sunZPlusX": 30,
    "sunZPlusY": -9466,
    "sunZPlusIrrad": 255,
    "sunZMinusX": -2,
    "sunZMinusY": 0,
    "sunZMinusIrrad": 0,
    "gyroX": 0,
    "gyroY": 31488,
    "gyroZ": 4096,
    "gyroTemp": 2049,
    "mag1X": 0,
    "mag1Y": 17152,
    "mag1Z": 47872,
    "mag1Temp": 19197,
    "mag2X": 255,
    "mag2Y": 9216,
    "mag2Z": 22267,
    "mag2Temp": 54532,
    "accelX": 7,
    "accelY": 0,
    "accelZ": 0,
    "accelTemp": 0,
    "earthXPlus": 0,
    "earthXMinus": 0,
    "earthYPlus": 0,
    "earthYMinus": 0
  },
  "header": {
    "destinationAddress": {
      "callsign": "OM3KAA",
      "ssid": 0,
      "extensionBit": 0
    },
    "sourceAddress": {
      "callsign": "OM9SAT",
      "ssid": 0,
      "extensionBit": 1
    },
    "frameType": "U",
    "sendSequenceNumber": 0,
    "receiveSequenceNumber": 0,
    "uControlType": "UI",
    "pid": 240
  },
  "beginSample": 0,
  "beginMillis": 0
}