{
  "beacon": {
    "timestamp": 1583459671,
    "beaconMessage": "First operating 1PQ satellite in space!",
    "validPackets": 59,
    "rxErrorWrongSize": 0,
    "rxErrorGolayFailed": 0,
    "rxErrorWrongSignature": 1,
    "rxErrorInvalidSerial": 11,
    "obcComTrxErrorStatistic": 4299,
    "ackInfo": [
      {
        "serial": 3082,
        "rssi": -94.0
      },
      {
        "serial": 3081,
        "rssi": -93.5
      },
      {
        "serial": 3080,
        "rssi": -92.0
      }
    ]
  },
  "beginSample": 0,
  "beginMillis": 0
}