{
  "snetHeader": {
    "crc": 10200,
    "fcidMajor": 9,
    "fcidSub": 0,
    "urgent": false,
    "checkCrc": true,
    "multiFrame": false,
    "timeTaggedSetting": true,
    "timeTagged": true,
    "dataLength": 50,
    "timeTag": 1544824653000
  },
  "epsTelemetry": {
    "solarPanelCurrent": [
      0.16,
      0.0,
      0.0,
      0.16,
      0.46,
      0.3
    ],
    "mainSolarVoltage": 1211,
    "battery": [
      {
        "voltage": 11357.0,
        "inputCurrent": 0.0,
        "outputCurrent": 937.5
      },
      {
        "voltage": 11289.0,
        "inputCurrent": 17.666666,
        "outputCurrent": 1029.0
      }
    ],
    "sumVoltage": 10937.0,
    "voltage3V3": 3156.75,
    "voltage5V": 5167.4,
    "temperatureOfBattery": [
      11.0,
      12.0
    ],
    "temperatureOfObc": 15.0,
    "currentOfObc": 42.0,
    "voltageOfObc": 3262.0,
    "batteryCurrents": [
      {
        "chargeCurrent": 1.25,
        "dischargeCurrent": 968.6667
      },
      {
        "chargeCurrent": 2.4166667,
        "dischargeCurrent": 1013.8333
      }
    ]
  },
  "beginSample": 0,
  "beginMillis": 0
}