{
  "sequenceNumber": 192,
  "length": 6,
  "battery1Voltage": 5.1644998,
  "beginSample": 0,
  "beginMillis": 0
}