{
  "sequenceNumber": 197,
  "length": 6,
  "arrayZPlusCurrent": 255.5581,
  "beginSample": 0,
  "beginMillis": 0
}